[     681ms] Error: Minified React error #418; visit https://reactjs.org/docs/error-decoder.html?invariant=418 for the full message or use the non-minified dev environment for full errors and additional helpful warnings.
    at dh (https://framerusercontent.com/sites/29SXqBlGXy3g8rlRndALVU/chunk-222ECHMD.mjs:14:4801)
    at n1 (https://framerusercontent.com/sites/29SXqBlGXy3g8rlRndALVU/chunk-222ECHMD.mjs:16:45488)
    at Jx (https://framerusercontent.com/sites/29SXqBlGXy3g8rlRndALVU/chunk-222ECHMD.mjs:16:39691)
    at N2 (https://framerusercontent.com/sites/29SXqBlGXy3g8rlRndALVU/chunk-222ECHMD.mjs:16:39663)
    at Kx (https://framerusercontent.com/sites/29SXqBlGXy3g8rlRndALVU/chunk-222ECHMD.mjs:16:34665)
    at hd (https://framerusercontent.com/sites/29SXqBlGXy3g8rlRndALVU/chunk-222ECHMD.mjs:9:19493)
    at MessagePort.ld (https://framerusercontent.com/sites/29SXqBlGXy3g8rlRndALVU/chunk-222ECHMD.mjs:9:19884)
[     683ms] Error: Minified React error #418; visit https://reactjs.org/docs/error-decoder.html?invariant=418 for the full message or use the non-minified dev environment for full errors and additional helpful warnings.
    at dh (https://framerusercontent.com/sites/29SXqBlGXy3g8rlRndALVU/chunk-222ECHMD.mjs:14:4801)
    at n1 (https://framerusercontent.com/sites/29SXqBlGXy3g8rlRndALVU/chunk-222ECHMD.mjs:16:45488)
    at Jx (https://framerusercontent.com/sites/29SXqBlGXy3g8rlRndALVU/chunk-222ECHMD.mjs:16:39691)
    at N2 (https://framerusercontent.com/sites/29SXqBlGXy3g8rlRndALVU/chunk-222ECHMD.mjs:16:39663)
    at Kx (https://framerusercontent.com/sites/29SXqBlGXy3g8rlRndALVU/chunk-222ECHMD.mjs:16:34665)
    at hd (https://framerusercontent.com/sites/29SXqBlGXy3g8rlRndALVU/chunk-222ECHMD.mjs:9:19493)
    at MessagePort.ld (https://framerusercontent.com/sites/29SXqBlGXy3g8rlRndALVU/chunk-222ECHMD.mjs:9:19884)
[     683ms] Error: Minified React error #418; visit https://reactjs.org/docs/error-decoder.html?invariant=418 for the full message or use the non-minified dev environment for full errors and additional helpful warnings.
    at dh (https://framerusercontent.com/sites/29SXqBlGXy3g8rlRndALVU/chunk-222ECHMD.mjs:14:4801)
    at n1 (https://framerusercontent.com/sites/29SXqBlGXy3g8rlRndALVU/chunk-222ECHMD.mjs:16:45488)
    at Jx (https://framerusercontent.com/sites/29SXqBlGXy3g8rlRndALVU/chunk-222ECHMD.mjs:16:39691)
    at N2 (https://framerusercontent.com/sites/29SXqBlGXy3g8rlRndALVU/chunk-222ECHMD.mjs:16:39663)
    at Kx (https://framerusercontent.com/sites/29SXqBlGXy3g8rlRndALVU/chunk-222ECHMD.mjs:16:34665)
    at hd (https://framerusercontent.com/sites/29SXqBlGXy3g8rlRndALVU/chunk-222ECHMD.mjs:9:19493)
    at MessagePort.ld (https://framerusercontent.com/sites/29SXqBlGXy3g8rlRndALVU/chunk-222ECHMD.mjs:9:19884)
[     683ms] Error: Minified React error #418; visit https://reactjs.org/docs/error-decoder.html?invariant=418 for the full message or use the non-minified dev environment for full errors and additional helpful warnings.
    at dh (https://framerusercontent.com/sites/29SXqBlGXy3g8rlRndALVU/chunk-222ECHMD.mjs:14:4801)
    at n1 (https://framerusercontent.com/sites/29SXqBlGXy3g8rlRndALVU/chunk-222ECHMD.mjs:16:45488)
    at Jx (https://framerusercontent.com/sites/29SXqBlGXy3g8rlRndALVU/chunk-222ECHMD.mjs:16:39691)
    at N2 (https://framerusercontent.com/sites/29SXqBlGXy3g8rlRndALVU/chunk-222ECHMD.mjs:16:39663)
    at Kx (https://framerusercontent.com/sites/29SXqBlGXy3g8rlRndALVU/chunk-222ECHMD.mjs:16:34665)
    at hd (https://framerusercontent.com/sites/29SXqBlGXy3g8rlRndALVU/chunk-222ECHMD.mjs:9:19493)
    at MessagePort.ld (https://framerusercontent.com/sites/29SXqBlGXy3g8rlRndALVU/chunk-222ECHMD.mjs:9:19884)
[     683ms] Error: Minified React error #418; visit https://reactjs.org/docs/error-decoder.html?invariant=418 for the full message or use the non-minified dev environment for full errors and additional helpful warnings.
    at dh (https://framerusercontent.com/sites/29SXqBlGXy3g8rlRndALVU/chunk-222ECHMD.mjs:14:4801)
    at n1 (https://framerusercontent.com/sites/29SXqBlGXy3g8rlRndALVU/chunk-222ECHMD.mjs:16:45488)
    at Jx (https://framerusercontent.com/sites/29SXqBlGXy3g8rlRndALVU/chunk-222ECHMD.mjs:16:39691)
    at N2 (https://framerusercontent.com/sites/29SXqBlGXy3g8rlRndALVU/chunk-222ECHMD.mjs:16:39663)
    at Kx (https://framerusercontent.com/sites/29SXqBlGXy3g8rlRndALVU/chunk-222ECHMD.mjs:16:34665)
    at hd (https://framerusercontent.com/sites/29SXqBlGXy3g8rlRndALVU/chunk-222ECHMD.mjs:9:19493)
    at MessagePort.ld (https://framerusercontent.com/sites/29SXqBlGXy3g8rlRndALVU/chunk-222ECHMD.mjs:9:19884)
[     684ms] Error: Minified React error #418; visit https://reactjs.org/docs/error-decoder.html?invariant=418 for the full message or use the non-minified dev environment for full errors and additional helpful warnings.
    at dh (https://framerusercontent.com/sites/29SXqBlGXy3g8rlRndALVU/chunk-222ECHMD.mjs:14:4801)
    at n1 (https://framerusercontent.com/sites/29SXqBlGXy3g8rlRndALVU/chunk-222ECHMD.mjs:16:45488)
    at Jx (https://framerusercontent.com/sites/29SXqBlGXy3g8rlRndALVU/chunk-222ECHMD.mjs:16:39691)
    at N2 (https://framerusercontent.com/sites/29SXqBlGXy3g8rlRndALVU/chunk-222ECHMD.mjs:16:39663)
    at Kx (https://framerusercontent.com/sites/29SXqBlGXy3g8rlRndALVU/chunk-222ECHMD.mjs:16:34665)
    at hd (https://framerusercontent.com/sites/29SXqBlGXy3g8rlRndALVU/chunk-222ECHMD.mjs:9:19493)
    at MessagePort.ld (https://framerusercontent.com/sites/29SXqBlGXy3g8rlRndALVU/chunk-222ECHMD.mjs:9:19884)
[     684ms] Error: Minified React error #418; visit https://reactjs.org/docs/error-decoder.html?invariant=418 for the full message or use the non-minified dev environment for full errors and additional helpful warnings.
    at dh (https://framerusercontent.com/sites/29SXqBlGXy3g8rlRndALVU/chunk-222ECHMD.mjs:14:4801)
    at n1 (https://framerusercontent.com/sites/29SXqBlGXy3g8rlRndALVU/chunk-222ECHMD.mjs:16:45488)
    at Jx (https://framerusercontent.com/sites/29SXqBlGXy3g8rlRndALVU/chunk-222ECHMD.mjs:16:39691)
    at N2 (https://framerusercontent.com/sites/29SXqBlGXy3g8rlRndALVU/chunk-222ECHMD.mjs:16:39663)
    at Kx (https://framerusercontent.com/sites/29SXqBlGXy3g8rlRndALVU/chunk-222ECHMD.mjs:16:34665)
    at hd (https://framerusercontent.com/sites/29SXqBlGXy3g8rlRndALVU/chunk-222ECHMD.mjs:9:19493)
    at MessagePort.ld (https://framerusercontent.com/sites/29SXqBlGXy3g8rlRndALVU/chunk-222ECHMD.mjs:9:19884)
[     684ms] Error: Minified React error #418; visit https://reactjs.org/docs/error-decoder.html?invariant=418 for the full message or use the non-minified dev environment for full errors and additional helpful warnings.
    at dh (https://framerusercontent.com/sites/29SXqBlGXy3g8rlRndALVU/chunk-222ECHMD.mjs:14:4801)
    at n1 (https://framerusercontent.com/sites/29SXqBlGXy3g8rlRndALVU/chunk-222ECHMD.mjs:16:45488)
    at Jx (https://framerusercontent.com/sites/29SXqBlGXy3g8rlRndALVU/chunk-222ECHMD.mjs:16:39691)
    at N2 (https://framerusercontent.com/sites/29SXqBlGXy3g8rlRndALVU/chunk-222ECHMD.mjs:16:39663)
    at Kx (https://framerusercontent.com/sites/29SXqBlGXy3g8rlRndALVU/chunk-222ECHMD.mjs:16:34665)
    at hd (https://framerusercontent.com/sites/29SXqBlGXy3g8rlRndALVU/chunk-222ECHMD.mjs:9:19493)
    at MessagePort.ld (https://framerusercontent.com/sites/29SXqBlGXy3g8rlRndALVU/chunk-222ECHMD.mjs:9:19884)
